---
data:
  - name: game
    attributes:
      - name: participants
        attributes:
          - name: throws
